---
source: parser/src/emit/mdx.rs
expression: "emit_document(document, &opts, source).unwrap()"
input_file: parser/test_data/scicalc-convert-alb.Rd
---
---
title: "Convert Albumin Concentration Units"
description: "Convert Albumin Concentration Units."
sidebar:
  label: "convert_alb"
pagefind: false
---

## Alias

convert_alb



## Usage

```r
convert_alb(alb)
```




## Examples

```r
convert_alb(40)

df <- data.frame(
  ID = c(1, 2, 3, 4),
  ALB = c(35, 40, 28, 45)
)

df <- df %>%
  dplyr::group_by(ID) %>%
  dplyr::mutate(ALBBL = convert_alb(ALB))
df
```

## See Also

Other unit_conversion: 
[`convert_bili()`](../convert_bili/),
[`convert_creat()`](../convert_creat/)


## Concept

unit_conversion
